// Jest Snapshot v1, https://goo.gl/fbAQLP

exports[`TimeseriesPlugin before start and after end 1`] = `
[
  [
    0,
    105,
  ],
  [
    0,
    105,
  ],
  [
    0,
    105,
  ],
  [
    0,
    105,
  ],
  [
    1,
    105,
  ],
  [
    1,
    95,
  ],
  [
    2,
    95,
  ],
  [
    2,
    85,
  ],
  [
    3,
    85,
  ],
  [
    3,
    75,
  ],
  [
    4,
    75,
  ],
  [
    4,
    65,
  ],
  [
    5,
    65,
  ],
  [
    5,
    55,
  ],
  [
    6,
    55,
  ],
  [
    6,
    45,
  ],
  [
    7,
    45,
  ],
  [
    7,
    35,
  ],
  [
    8,
    35,
  ],
  [
    8,
    25,
  ],
  [
    9,
    25,
  ],
  [
    9,
    15,
  ],
  [
    10,
    15,
  ],
  [
    10,
    5,
  ],
  [
    10,
    5,
  ],
  [
    10,
    5,
  ],
  [
    10,
    105,
  ],
]
`;

exports[`TimeseriesPlugin in middle after end 1`] = `
[
  [
    5,
    105,
  ],
  [
    5,
    65,
  ],
  [
    5,
    65,
  ],
  [
    5,
    55,
  ],
  [
    6,
    55,
  ],
  [
    6,
    45,
  ],
  [
    7,
    45,
  ],
  [
    7,
    35,
  ],
  [
    8,
    35,
  ],
  [
    8,
    25,
  ],
  [
    9,
    25,
  ],
  [
    9,
    15,
  ],
  [
    10,
    15,
  ],
  [
    10,
    5,
  ],
  [
    10,
    5,
  ],
  [
    15,
    5,
  ],
  [
    15,
    105,
  ],
]
`;

exports[`TimeseriesPlugin start after end 1`] = `
[
  [
    11,
    105,
  ],
  [
    23,
    105,
  ],
]
`;
